app/root.tsx(60,19): error TS2322: Type '{ children: Element; status: string; }' is not assignable to type 'IntrinsicAttributes & BannerProps & RefAttributes<BannerHandles>'.
  Property 'status' does not exist on type 'IntrinsicAttributes & BannerProps & RefAttributes<BannerHandles>'.
app/routes/app._index.tsx(82,35): error TS2322: Type '"3fr"' is not assignable to type 'ColumnsAlias'.
app/routes/app._index.tsx(82,42): error TS2322: Type '"1fr"' is not assignable to type 'ColumnsAlias'.
app/routes/app._index.tsx(92,30): error TS2322: Type '{ children: string; submit: true; primary: true; disabled: boolean; }' is not assignable to type 'IntrinsicAttributes & ButtonProps'.
  Property 'primary' does not exist on type 'IntrinsicAttributes & ButtonProps'.
app/routes/app._index.tsx(107,41): error TS2322: Type '"1fr"' is not assignable to type 'ColumnsAlias'.
app/routes/app._index.tsx(107,48): error TS2322: Type '"auto"' is not assignable to type 'ColumnsAlias'.
app/routes/app.templates.$id.tsx(79,9): error TS2353: Object literal may only specify known properties, and 'fontFamily' does not exist in type '(Without<TemplateUpdateInput, TemplateUncheckedUpdateInput> & TemplateUncheckedUpdateInput) | (Without<...> & TemplateUpdateInput)'.
app/routes/app.templates.$id.tsx(142,9): error TS2322: Type 'string[] | null' is not assignable to type 'NullableJsonNullValueInput | InputJsonValue | undefined'.
  Type 'null' is not assignable to type 'NullableJsonNullValueInput | InputJsonValue | undefined'.
app/routes/app.templates.$id.tsx(187,57): error TS2339: Property 'fontFamily' does not exist on type 'JsonifyObject<{ fields: { sort: number; type: string; id: string; name: string; label: string; required: boolean; templateId: string; optionsJson: JsonValue; }[]; rules: { sort: number; id: string; templateId: string; parentFieldId: string; parentValue: string; childFieldId: string; childOptionsJson: JsonValue; }[];...'.
app/routes/app.templates.$id.tsx(188,53): error TS2339: Property 'fontSize' does not exist on type 'JsonifyObject<{ fields: { sort: number; type: string; id: string; name: string; label: string; required: boolean; templateId: string; optionsJson: JsonValue; }[]; rules: { sort: number; id: string; templateId: string; parentFieldId: string; parentValue: string; childFieldId: string; childOptionsJson: JsonValue; }[];...'.
app/routes/app.templates.$id.tsx(189,57): error TS2339: Property 'fontWeight' does not exist on type 'JsonifyObject<{ fields: { sort: number; type: string; id: string; name: string; label: string; required: boolean; templateId: string; optionsJson: JsonValue; }[]; rules: { sort: number; id: string; templateId: string; parentFieldId: string; parentValue: string; childFieldId: string; childOptionsJson: JsonValue; }[];...'.
app/routes/app.templates.$id.tsx(190,55): error TS2339: Property 'textColor' does not exist on type 'JsonifyObject<{ fields: { sort: number; type: string; id: string; name: string; label: string; required: boolean; templateId: string; optionsJson: JsonValue; }[]; rules: { sort: number; id: string; templateId: string; parentFieldId: string; parentValue: string; childFieldId: string; childOptionsJson: JsonValue; }[];...'.
app/routes/app.templates.$id.tsx(192,14): error TS2339: Property 'backgroundColor' does not exist on type 'JsonifyObject<{ fields: { sort: number; type: string; id: string; name: string; label: string; required: boolean; templateId: string; optionsJson: JsonValue; }[]; rules: { sort: number; id: string; templateId: string; parentFieldId: string; parentValue: string; childFieldId: string; childOptionsJson: JsonValue; }[];...'.
app/routes/app.templates.$id.tsx(194,59): error TS2339: Property 'borderColor' does not exist on type 'JsonifyObject<{ fields: { sort: number; type: string; id: string; name: string; label: string; required: boolean; templateId: string; optionsJson: JsonValue; }[]; rules: { sort: number; id: string; templateId: string; parentFieldId: string; parentValue: string; childFieldId: string; childOptionsJson: JsonValue; }[];...'.
app/routes/app.templates.$id.tsx(195,61): error TS2339: Property 'borderRadius' does not exist on type 'JsonifyObject<{ fields: { sort: number; type: string; id: string; name: string; label: string; required: boolean; templateId: string; optionsJson: JsonValue; }[]; rules: { sort: number; id: string; templateId: string; parentFieldId: string; parentValue: string; childFieldId: string; childOptionsJson: JsonValue; }[];...'.
app/routes/app.templates.$id.tsx(196,51): error TS2339: Property 'padding' does not exist on type 'JsonifyObject<{ fields: { sort: number; type: string; id: string; name: string; label: string; required: boolean; templateId: string; optionsJson: JsonValue; }[]; rules: { sort: number; id: string; templateId: string; parentFieldId: string; parentValue: string; childFieldId: string; childOptionsJson: JsonValue; }[];...'.
app/routes/app.templates.$id.tsx(198,14): error TS2339: Property 'hoverBackgroundColor' does not exist on type 'JsonifyObject<{ fields: { sort: number; type: string; id: string; name: string; label: string; required: boolean; templateId: string; optionsJson: JsonValue; }[]; rules: { sort: number; id: string; templateId: string; parentFieldId: string; parentValue: string; childFieldId: string; childOptionsJson: JsonValue; }[];...'.
app/routes/app.templates.$id.tsx(201,14): error TS2339: Property 'hoverTextColor' does not exist on type 'JsonifyObject<{ fields: { sort: number; type: string; id: string; name: string; label: string; required: boolean; templateId: string; optionsJson: JsonValue; }[]; rules: { sort: number; id: string; templateId: string; parentFieldId: string; parentValue: string; childFieldId: string; childOptionsJson: JsonValue; }[];...'.
app/routes/app.templates.$id.tsx(273,33): error TS2322: Type '"1fr"' is not assignable to type 'ColumnsAlias'.
app/routes/app.templates.$id.tsx(273,40): error TS2322: Type '"auto"' is not assignable to type 'ColumnsAlias'.
app/routes/app.templates.$id.tsx(335,21): error TS2322: Type '{ children: string; primary: true; onClick: () => void; disabled: boolean; }' is not assignable to type 'IntrinsicAttributes & ButtonProps'.
  Property 'primary' does not exist on type 'IntrinsicAttributes & ButtonProps'.
app/routes/app.templates.$id.tsx(475,33): error TS2322: Type '"1fr"' is not assignable to type 'ColumnsAlias'.
app/routes/app.templates.$id.tsx(475,40): error TS2322: Type '"auto"' is not assignable to type 'ColumnsAlias'.
app/routes/app.templates.$id.tsx(562,13): error TS2322: Type '{ children: string; onMouseEnter: () => void; onMouseLeave: () => void; style: { fontFamily: any; fontSize: any; fontWeight: any; color: any; backgroundColor: any; border: string | undefined; borderRadius: any; padding: any; }; }' is not assignable to type 'IntrinsicAttributes & ButtonProps'.
  Property 'onMouseLeave' does not exist on type 'IntrinsicAttributes & ButtonProps'.
app/routes/app.templates.$id.tsx(585,48): error TS2322: Type '{ children: string; onClick: () => void; primary: true; }' is not assignable to type 'IntrinsicAttributes & ButtonProps'.
  Property 'primary' does not exist on type 'IntrinsicAttributes & ButtonProps'.
app/routes/app.templates.$id.tsx(613,35): error TS2322: Type '"1fr"' is not assignable to type 'ColumnsAlias'.
app/routes/app.templates.$id.tsx(613,42): error TS2322: Type '"auto"' is not assignable to type 'ColumnsAlias'.
app/routes/app.templates.$id.tsx(623,17): error TS2322: Type '{ children: string; onClick: () => void; disabled: boolean; primary: true; }' is not assignable to type 'IntrinsicAttributes & ButtonProps'.
  Property 'primary' does not exist on type 'IntrinsicAttributes & ButtonProps'.
app/routes/app.templates.$id.tsx(657,8): error TS2741: Property 'as' is missing in type '{ children: string[]; tone: "critical"; }' but required in type 'TextProps'.
app/routes/app.templates.$id_.products.tsx(87,22): error TS2339: Property 'errors' does not exist on type 'FetchResponseBody<any>'.
app/routes/app.templates.$id_.products.tsx(88,53): error TS2339: Property 'errors' does not exist on type 'FetchResponseBody<any>'.
app/routes/app.templates.$id_.products.tsx(194,20): error TS2322: Type '{ children: Element; id: any; accessibilityLabel: string; name: any; }' is not assignable to type 'IntrinsicAttributes & ResourceItemProps'.
  Property 'onClick' is missing in type '{ children: Element; id: any; accessibilityLabel: string; name: any; }' but required in type 'PropsWithClick'.
app/routes/app.templates.$id_.products.tsx(202,26): error TS2741: Property 'as' is missing in type '{ children: any; variant: "bodySm"; tone: "subdued"; }' but required in type 'TextProps'.
app/routes/app.templates.$id_.products.tsx(213,29): error TS2322: Type '{ children: string; submit: true; variant: "primary" | undefined; name: string; value: string; }' is not assignable to type 'IntrinsicAttributes & ButtonProps'.
  Property 'name' does not exist on type 'IntrinsicAttributes & ButtonProps'.
app/routes/app.templates.$id_.products.tsx(242,27): error TS2322: Type '{ children: string; primary: true; }' is not assignable to type 'IntrinsicAttributes & ButtonProps'.
  Property 'primary' does not exist on type 'IntrinsicAttributes & ButtonProps'.
app/routes/app.templates.$id_.products.tsx(245,34): error TS2322: Type '{ children: string; disabled: true; primary: true; }' is not assignable to type 'IntrinsicAttributes & ButtonProps'.
  Property 'primary' does not exist on type 'IntrinsicAttributes & ButtonProps'.
app/routes/app.templates._index.tsx(97,37): error TS2322: Type '"3fr"' is not assignable to type 'ColumnsAlias'.
app/routes/app.templates._index.tsx(97,44): error TS2322: Type '"1fr"' is not assignable to type 'ColumnsAlias'.
app/routes/app.templates._index.tsx(107,32): error TS2322: Type '{ children: string; submit: true; primary: true; disabled: boolean; }' is not assignable to type 'IntrinsicAttributes & ButtonProps'.
  Property 'primary' does not exist on type 'IntrinsicAttributes & ButtonProps'.
app/routes/app.templates._index.tsx(124,43): error TS2322: Type '"1fr"' is not assignable to type 'ColumnsAlias'.
app/routes/app.templates._index.tsx(124,50): error TS2322: Type '"auto"' is not assignable to type 'ColumnsAlias'.
